02/09 00:22:40  INFO com.intellij.internal.statistic.uploader - Process started with '--ide-token /home/lucas/Developments/DockerRunner/.intellijPlatform/sandbox/DockerRunner/IC-2024.1/system/token --recorders FUS;MP --device-fus 2508263255516df-87df-4fb7-9bb9-118828ed15dd --bucket-fus 131 --machine-fus 8f943ae68bd9e90fbc07a12ff3760dc502e04e9d424dfe9ef1434bddb636af72 --id-revision-fus 0 --files-fus /home/lucas/Developments/DockerRunner/.intellijPlatform/sandbox/DockerRunner/IC-2024.1/system/event-log-data/logs/FUS/7b00-4ea6-ac9d-5b6d09e0445d-241.14494.240-release.log --escape-fus true --device-mp 2508263d63b4c2b-d9d9-4b4f-9f39-e336010957f5 --bucket-mp 13 --machine-mp eca111f6202bbadd25752f507ee53c24e9d3fe2081e54c48207cd99daf35b7fb --id-revision-mp 0 --files-mp /home/lucas/Developments/DockerRunner/.intellijPlatform/sandbox/DockerRunner/IC-2024.1/system/event-log-data/logs/MP/defa-40cb-8b6e-a34babc5bdb4-241.14494.240-release.log --escape-mp true --url https://resources.jetbrains.com/storage/fus/config/v4/%s/%s.json --product IC --product-version 2024.1 --baseline-version 241 --user-agent IntelliJ IDEA/241.14494.240 --extra-headers '
02/09 00:22:40  INFO com.intellij.internal.statistic.uploader - Classpath:/home/lucas/.gradle/caches/9.6.0/transforms/bea1b87427568a068e547fc0eae09392/transformed/ideaIC-2024.1/lib/util-8.jar:/home/lucas/.gradle/caches/9.6.0/transforms/bea1b87427568a068e547fc0eae09392/transformed/ideaIC-2024.1/lib/annotations.jar:/home/lucas/.gradle/caches/9.6.0/transforms/bea1b87427568a068e547fc0eae09392/transformed/ideaIC-2024.1/lib/lib-client.jar:/home/lucas/.gradle/caches/9.6.0/transforms/bea1b87427568a068e547fc0eae09392/transformed/ideaIC-2024.1/lib/stats.jar
02/09 00:22:40  INFO com.intellij.internal.statistic.uploader.events - 1788319360896 STARTED ALL
02/09 00:22:40  INFO com.intellij.internal.statistic.uploader - IDE token file: /home/lucas/Developments/DockerRunner/.intellijPlatform/sandbox/DockerRunner/IC-2024.1/system/token
02/09 00:22:40  INFO com.intellij.internal.statistic.uploader - [MP] Start uploading...
02/09 00:22:40  INFO com.intellij.internal.statistic.uploader - [FUS] Start uploading...
02/09 00:22:41  INFO com.intellij.internal.statistic.uploader - [MP] {product:IC, productVersion:2024.1, userAgent:IntelliJ IDEA/241.14494.240(External), url: https://resources.jetbrains.com/storage/fus/config/v4/%s/%s.json, internal:false, isTestConfig:false, isTestSendEndpoint:false}
02/09 00:22:41  INFO com.intellij.internal.statistic.uploader - [FUS] {product:IC, productVersion:2024.1, userAgent:IntelliJ IDEA/241.14494.240(External), url: https://resources.jetbrains.com/storage/fus/config/v4/%s/%s.json, internal:false, isTestConfig:false, isTestSendEndpoint:false}
02/09 00:22:41  INFO com.intellij.internal.statistic.uploader - [MP] {recorder:MP, files:/home/lucas/Developments/DockerRunner/.intellijPlatform/sandbox/DockerRunner/IC-2024.1/system/event-log-data/logs/MP/defa-40cb-8b6e-a34babc5bdb4-241.14494.240-release.log}
02/09 00:22:41  INFO com.intellij.internal.statistic.uploader - [FUS] {recorder:FUS, files:/home/lucas/Developments/DockerRunner/.intellijPlatform/sandbox/DockerRunner/IC-2024.1/system/event-log-data/logs/FUS/7b00-4ea6-ac9d-5b6d09e0445d-241.14494.240-release.log}
02/09 00:22:41  INFO com.intellij.internal.statistic.uploader - [FUS] {device:2508263255516df-87df-4fb7-9bb9-118828ed15dd, bucket:131}
02/09 00:22:41  INFO com.intellij.internal.statistic.uploader - [MP] {device:2508263d63b4c2b-d9d9-4b4f-9f39-e336010957f5, bucket:13}
02/09 00:22:44 FINER com.intellij.internal.statistic.uploader - defa-40cb-8b6e-a34babc5bdb4-241.14494.240-release.log-> Cannot upload event log, record list is empty
02/09 00:22:44 FINER com.intellij.internal.statistic.uploader - Removed sent log: defa-40cb-8b6e-a34babc5bdb4-241.14494.240-release.log
02/09 00:22:44  INFO com.intellij.internal.statistic.uploader.events - 1788319364447 SEND MP 0 1 1 [] [5]
02/09 00:22:44  INFO com.intellij.internal.statistic.uploader.events - 1788319364509 FINISHED MP SENT_WITH_ERRORS
02/09 00:22:44 FINER com.intellij.internal.statistic.uploader - [MP] Uploading finished with SENT_WITH_ERRORS
02/09 00:22:44 FINER com.intellij.internal.statistic.uploader - [MP] Uploaded 0 out of 1 files.
02/09 00:22:47 FINER com.intellij.internal.statistic.uploader - 7b00-4ea6-ac9d-5b6d09e0445d-241.14494.240-release.log -> ""
02/09 00:22:47 FINER com.intellij.internal.statistic.uploader - Removed sent log: 7b00-4ea6-ac9d-5b6d09e0445d-241.14494.240-release.log
02/09 00:22:47  INFO com.intellij.internal.statistic.uploader.events - 1788319367654 SEND FUS 1 0 1 [L2hvbWUvbHVjYXMvRGV2ZWxvcG1lbnRzL0RvY2tlclJ1bm5lci8uaW50ZWxsaWpQbGF0Zm9ybS9zYW5kYm94L0RvY2tlclJ1bm5lci9JQy0yMDI0LjEvc3lzdGVtL2V2ZW50LWxvZy1kYXRhL2xvZ3MvRlVTLzdiMDAtNGVhNi1hYzlkLTViNmQwOWUwNDQ1ZC0yNDEuMTQ0OTQuMjQwLXJlbGVhc2UubG9n] []
02/09 00:22:47  INFO com.intellij.internal.statistic.uploader.events - 1788319367662 FINISHED FUS
02/09 00:22:47 FINER com.intellij.internal.statistic.uploader - [FUS] Uploading finished with SEND
02/09 00:22:47 FINER com.intellij.internal.statistic.uploader - [FUS] Uploaded 1 files.
